{
    "ddtags": "account_id:123456789012,aws_account:123456789012,env:customtags_env,functionname:my-function,region:us-east-1,service:my-function",
    "host": "arn:aws:lambda:us-east-1:123456789012:function:my-function",
    "lambda": {
        "arn": "arn:aws:lambda:us-east-1:123456789012:function:my-function"
    },
    "service": "my-function"
}
