{
    "ddsource": "waf",
    "message": {
        "ruleGroupList": {
            "AWS#AWSManagedRulesSQLiRuleSet": {
                "terminatingRule": {
                    "SQLi_QUERYARGUMENTS": {
                        "action": "BLOCK"
                    },
                    "secondRULE": {
                        "action": "BLOCK"
                    }
                }
            }
        }
    }
}
