args: ('{"timestamp": 12345, "key1": "value1", "key2":"value2"}\n',) => [{'aws': {'s3': {'bucket': 'my-bucket', 'key': 'mykey'}}, 'message': '{"timestamp": 12345, "key1": "value1", "key2":"value2"}'}]
args: ('{"timestamp": 12345, "key1": "value1", "key2":"value2"}\n{"timestamp": 789760, "key1": "value1", "key3":"value4"}\n',) => [{'aws': {'s3': {'bucket': 'my-bucket', 'key': 'mykey'}}, 'message': '{"timestamp": 12345, "key1": "value1", "key2":"value2"}'}, {'aws': {'s3': {'bucket': 'my-bucket', 'key': 'mykey'}}, 'message': '{"timestamp": 789760, "key1": "value1", "key3":"value4"}'}]
args: ('{"timestamp": 12345, "key1": "value1", "key2":"value2" "key3": {"key5" : "value5"}}\r{"timestamp": 12345, "key1": "value1"}\n',) => [{'aws': {'s3': {'bucket': 'my-bucket', 'key': 'mykey'}}, 'message': '{"timestamp": 12345, "key1": "value1", "key2":"value2" "key3": {"key5" : "value5"}}\r{"timestamp": 12345, "key1": "value1"}'}]
args: ('{"timestamp": 12345, "key1": "value1", "key2":"value2" "key3": {"key5" : "value5"}}\x0c{"timestamp": 12345, "key1": "value1"}\n',) => [{'aws': {'s3': {'bucket': 'my-bucket', 'key': 'mykey'}}, 'message': '{"timestamp": 12345, "key1": "value1", "key2":"value2" "key3": {"key5" : "value5"}}\x0c{"timestamp": 12345, "key1": "value1"}'}]
args: ('{"timestamp": 12345, "key1": "value1", "key2":"value2" "key3": {"key5" : "value5"}}\xa0{"timestamp": 12345, "key1": "value1"}\n',) => [{'aws': {'s3': {'bucket': 'my-bucket', 'key': 'mykey'}}, 'message': '{"timestamp": 12345, "key1": "value1", "key2":"value2" "key3": {"key5" : "value5"}}\xa0{"timestamp": 12345, "key1": "value1"}'}]
args: ('',) => []
args: ('\n',) => []
