{
    "lambda": {
        "arn": "bad_arn"
    }
}
