[
    {
        "name": "aws.lambda.enhanced.duration",
        "tags": [
            "memorysize:128",
            "cold_start:true"
        ],
        "timestamp": null,
        "value": 30.0
    },
    {
        "name": "aws.lambda.enhanced.billed_duration",
        "tags": [
            "memorysize:128",
            "cold_start:true"
        ],
        "timestamp": null,
        "value": 30.0
    },
    {
        "name": "aws.lambda.enhanced.max_memory_used",
        "tags": [
            "memorysize:128",
            "cold_start:true"
        ],
        "timestamp": null,
        "value": 74
    },
    {
        "name": "aws.lambda.enhanced.init_duration",
        "tags": [
            "memorysize:128",
            "cold_start:true"
        ],
        "timestamp": null,
        "value": 0.985413
    },
    {
        "name": "aws.lambda.enhanced.estimated_cost",
        "tags": [
            "memorysize:128",
            "cold_start:true"
        ],
        "timestamp": null,
        "value": 6.270012500000001e-05
    },
    {
        "name": "aws.lambda.enhanced.timeouts",
        "tags": [
            "memorysize:128",
            "cold_start:true"
        ],
        "timestamp": null,
        "value": 1.0
    }
]
