[
    {
        "aws": {
            "awslogs": {
                "logGroup": "/aws/lambda/testing-datadog",
                "logStream": "2024/10/10/[$LATEST]20bddfd5a2dc4c6b97ac02800eae90d0",
                "owner": "601427279990"
            },
            "function_version": 0,
            "invoked_function_arn": "arn:aws:lambda:sa-east-1:601427279990:function:inferred-spans-python-dev-initsender"
        },
        "ddsource": "lambda",
        "ddsourcecategory": "aws",
        "ddtags": "forwardername:inferred-spans-python-dev-initsender,forwarder_memorysize:10,forwarder_version:<redacted from snapshot>,env:none,functionname:testing-datadog,env:test,service:test-inner-message",
        "host": "arn:aws:lambda:sa-east-1:601427279990:function:testing-datadog",
        "id": "35311576111948622874033876462979853992919938886093242368",
        "lambda": {
            "arn": "arn:aws:lambda:sa-east-1:601427279990:function:testing-datadog"
        },
        "message": "{\"status\": \"debug\", \"message\": \"datadog:Patched console output with trace context\"}",
        "service": "test-inner-message",
        "timestamp": 1583425836114
    },
    {
        "aws": {
            "awslogs": {
                "logGroup": "/aws/rds/cluster",
                "logStream": "2025/01/01/[$LATEST]3b1b2b3b4b5b6b7b8b9b0",
                "owner": "123456789012"
            },
            "function_version": 0,
            "invoked_function_arn": "arn:aws:lambda:sa-east-1:601427279990:function:inferred-spans-python-dev-initsender"
        },
        "ddsource": "cloudwatch",
        "ddsourcecategory": "aws",
        "ddtags": "forwardername:inferred-spans-python-dev-initsender,forwarder_memorysize:10,forwarder_version:<redacted from snapshot>,my:tag",
        "host": "/aws/rds/cluster",
        "id": "45311576111948622874033876462979853992919938886093242368",
        "message": "{\"status\": \"info\", \"message\": \"datadog:This is a custom message\"}",
        "service": "cloudwatch",
        "timestamp": 1737735732
    }
]
