{
    "ddtags": "account_id:123456789012,aws_account:123456789012,functionname:my-function,region:us-east-1,service:customtags_service",
    "host": "arn:aws:lambda:us-east-1:123456789012:function:my-function",
    "lambda": {
        "arn": "arn:aws:lambda:us-east-1:123456789012:function:my-function"
    },
    "service": "customtags_service"
}
