{
    "ddsource": "waf",
    "message": {
        "httpRequest": {
            "headers": {
                "header1": "value1",
                "header2": "value2"
            }
        }
    }
}
