[
    {
        "ddsource": "securityhub",
        "detail": {
            "finding": {
                "myattribute": "somevalue",
                "resources": {}
            }
        }
    }
]
